[2026-06-30 10:22:44] SMS (not sent - provider not configured)
TO: 0244000000
Payment received: We received your payment of GH₵ 100.00. View your receipt.
--------------------------------------------------
[2026-06-30 17:51:39] SMS (not sent - provider not configured)
TO: 0216058115
Room allocated: You have been allocated Room GF1. An invoice has been generated.
--------------------------------------------------
[2026-07-01 01:55:24] SMS (not sent - provider not configured)
TO: 0240589250
Payment received: We received your payment of GH₵ 4,200.00. View your receipt.
--------------------------------------------------
[2026-07-03 16:19:39] SMS (not sent - provider not configured)
TO: 0548811774
Room allocated: You have been allocated Room GF1. An invoice has been generated.
--------------------------------------------------
[2026-07-03 16:21:07] SMS (not sent - provider not configured)
TO: 0548811774
Application Approved: Your hostel application has been approved.
--------------------------------------------------
[2026-07-03 16:36:50] SMS (not sent - provider not configured)
TO: 0548811774
Payment received: We received your payment of GH₵ 1,500.00. View your receipt.
--------------------------------------------------
[2026-07-03 18:50:52] SMS (not sent - provider not configured)
TO: 0244000000
Room allocated: You have been allocated Room A006. An invoice has been generated.
--------------------------------------------------
[2026-08-31 18:46:29] SMS (not sent - provider not configured)
TO: 0548811774
Hall dues payment not found: We could not trace a payment for reference TRS-768654-87645. Please visit the hostel office with your receipt.
--------------------------------------------------
[2026-08-31 18:46:33] SMS (not sent - provider not configured)
TO: 0548811774
Hall dues payment not found: We could not trace a payment for reference TRS-768654-87645. Please visit the hostel office with your receipt.
--------------------------------------------------
[2026-08-31 18:50:31] SMS (not sent - provider not configured)
TO: 0548811774
Hall dues payment not found: We could not trace a payment for reference TRS-768654-87645. Please visit the hostel office with your receipt.
--------------------------------------------------
[2026-08-31 18:52:44] SMS (not sent - provider not configured)
TO: 0548811774
Hall dues payment not found: We could not trace a payment for reference TRS-768654-87649. Please visit the hostel office with your receipt.
--------------------------------------------------
[2026-08-31 18:53:24] SMS (not sent - provider not configured)
TO: 0548811774
Hall dues payment confirmed: We traced your payment (reference TRS-768654-87649). Your application is now awaiting a room.
--------------------------------------------------
[2026-08-31 19:06:21] SMS (not sent - provider not configured)
TO: 0548811774
Hall dues payment not found: We could not trace a payment for reference TRS-768654-87649. Please visit the hostel office with your receipt.
--------------------------------------------------
[2026-08-31 19:07:50] SMS (not sent - provider not configured)
TO: 0548811774
Hall dues payment confirmed: We traced your payment (reference TRS-768654-87649). Your application is now awaiting a room.
--------------------------------------------------
[2026-08-31 19:08:55] SMS (not sent - provider not configured)
TO: 0548811774
Application Approved: Your hostel application has been approved.
--------------------------------------------------
